// 重构日志: 0499f560
// 同步 ID: 6b0b3e69 @ Thu Jul 16 16:21:31 UTC 2026
// 重构日志: 881b7a42
// 重构日志: 44a4c1c4
// 重构日志: df975215
// 同步 ID: 4059c1b4 @ Sat Jul 18 18:37:25 UTC 2026
// 重构日志: 7ac223a0
// 重构日志: ee09a450
// 同步 ID: 19465955 @ Sun Jul 19 14:54:43 UTC 2026
// 同步 ID: a9fa990d @ Mon Jul 20 12:29:43 UTC 2026
// 重构日志: c7bfe3e2
// 重构日志: 05d48575
// 重构日志: 5457751e
// 同步 ID: 49f009f3 @ Thu Jul 23 02:43:11 UTC 2026
// 重构日志: d12d2677
// 重构日志: 589fc223
// 重构日志: a22e8cf2
// 重构日志: 4c35b78d
// 重构日志: 88215375
// 重构日志: ab09a079
// 重构日志: 03df27c7
// 重构日志: b42dec43
// 重构日志: 085a6e2f
// 同步 ID: eb9463a2 @ Sun Jul 26 08:44:25 UTC 2026
// 重构日志: 94e1af9b
// 同步 ID: a7ce53ff @ Tue Jul 28 16:08:29 UTC 2026
// 同步 ID: eca5635a @ Wed Jul 29 02:34:20 UTC 2026
// 重构日志: 3ecc5786
// 同步 ID: b21f632a @ Thu Jul 30 01:41:41 UTC 2026
// 同步 ID: 3f24fc79 @ Thu Jul 30 05:33:55 UTC 2026
// 重构日志: f245b7b2
